// Jest Snapshot v1, https://goo.gl/fbAQLP

exports[`it matches snapshot 1`] = `
<DocumentFragment>
  <div>
    <p>
      Hello, I'm a FixedComponent
    </p>
    <p>
      Here are some numbers:
    </p>
    <p />
    <p>
      NaN
    </p>
    <p>
      NaN
    </p>
  </div>
</DocumentFragment>
`;
